{"block": 82001, "kind": "placement", "export": "file", "timeout_ms": 1000, "policy": "gate10", "rate_traces_s": 8000, "cpu_s": {"jaeger": 0.11000000000000001, "collector": 1.1199999999999999}, "max_lag_s": 0.0006251201033578013, "throttled_usec": 0, "batch_count": 116.0}
{"block": 82001, "kind": "placement", "export": "dual", "timeout_ms": 1000, "policy": "tail10", "rate_traces_s": 8000, "cpu_s": {"jaeger": 3.7300000000000004, "collector": 9.24}, "max_lag_s": 0.007112928479909186, "throttled_usec": 0, "batch_count": 118.0}
{"block": 82001, "kind": "placement", "export": "file", "timeout_ms": 1000, "policy": "collector10", "rate_traces_s": 8000, "cpu_s": {"jaeger": 0.13, "collector": 5.86}, "max_lag_s": 0.002064897865057702, "throttled_usec": 0, "batch_count": 116.0}
{"block": 82001, "kind": "placement", "export": "file", "timeout_ms": 1000, "policy": "full", "rate_traces_s": 8000, "cpu_s": {"jaeger": 0.12000000000000001, "collector": 5.800000000000001}, "max_lag_s": 0.004211873561143165, "throttled_usec": 0, "batch_count": 800.0}
{"block": 82001, "kind": "placement", "export": "dual", "timeout_ms": 1000, "policy": "gate10", "rate_traces_s": 8000, "cpu_s": {"jaeger": 3.5400000000000005, "collector": 1.3399999999999999}, "max_lag_s": 0.0010310396552100087, "throttled_usec": 0, "batch_count": 116.0}
{"block": 82001, "kind": "placement", "export": "file", "timeout_ms": 1000, "policy": "tail10", "rate_traces_s": 8000, "cpu_s": {"jaeger": 0.12, "collector": 8.860000000000001}, "max_lag_s": 0.000805619359017129, "throttled_usec": 0, "batch_count": 118.0}
{"block": 82001, "kind": "placement", "export": "dual", "timeout_ms": 1000, "policy": "collector10", "rate_traces_s": 8000, "cpu_s": {"jaeger": 3.9099999999999997, "collector": 6.18}, "max_lag_s": 0.0017634898424141454, "throttled_usec": 0, "batch_count": 116.0}
{"block": 82001, "kind": "placement", "export": "dual", "timeout_ms": 1000, "policy": "full", "rate_traces_s": 8000, "cpu_s": {"jaeger": 43.3, "collector": 8.129999999999999}, "max_lag_s": 0.15012460723519183, "throttled_usec": 0, "batch_count": 800.0}
{"block": 82002, "kind": "placement", "export": "dual", "timeout_ms": 1000, "policy": "tail10", "rate_traces_s": 8000, "cpu_s": {"jaeger": 3.77, "collector": 9.32}, "max_lag_s": 0.006597701460123062, "throttled_usec": 0, "batch_count": 117.0}
{"block": 82002, "kind": "placement", "export": "file", "timeout_ms": 1000, "policy": "full", "rate_traces_s": 8000, "cpu_s": {"jaeger": 0.14, "collector": 5.7299999999999995}, "max_lag_s": 0.000766544789076562, "throttled_usec": 0, "batch_count": 800.0}
{"block": 82002, "kind": "placement", "export": "dual", "timeout_ms": 1000, "policy": "gate10", "rate_traces_s": 8000, "cpu_s": {"jaeger": 3.5599999999999996, "collector": 1.3499999999999999}, "max_lag_s": 0.0008691214025020599, "throttled_usec": 0, "batch_count": 116.0}
{"block": 82002, "kind": "placement", "export": "dual", "timeout_ms": 1000, "policy": "collector10", "rate_traces_s": 8000, "cpu_s": {"jaeger": 3.96, "collector": 6.18}, "max_lag_s": 0.003271132707595825, "throttled_usec": 0, "batch_count": 116.0}
{"block": 82002, "kind": "placement", "export": "file", "timeout_ms": 1000, "policy": "collector10", "rate_traces_s": 8000, "cpu_s": {"jaeger": 0.11, "collector": 5.869999999999999}, "max_lag_s": 0.0012656152248382568, "throttled_usec": 0, "batch_count": 116.0}
{"block": 82002, "kind": "placement", "export": "dual", "timeout_ms": 1000, "policy": "full", "rate_traces_s": 8000, "cpu_s": {"jaeger": 43.650000000000006, "collector": 8.06}, "max_lag_s": 0.3096889346837983, "throttled_usec": 0, "batch_count": 800.0}
{"block": 82002, "kind": "placement", "export": "file", "timeout_ms": 1000, "policy": "gate10", "rate_traces_s": 8000, "cpu_s": {"jaeger": 0.13, "collector": 1.1199999999999999}, "max_lag_s": 0.00028940141201161396, "throttled_usec": 0, "batch_count": 116.0}
{"block": 82002, "kind": "placement", "export": "file", "timeout_ms": 1000, "policy": "tail10", "rate_traces_s": 8000, "cpu_s": {"jaeger": 0.12000000000000001, "collector": 8.870000000000001}, "max_lag_s": 0.01289864256978035, "throttled_usec": 0, "batch_count": 117.0}
{"block": 82003, "kind": "placement", "export": "file", "timeout_ms": 1000, "policy": "tail10", "rate_traces_s": 8000, "cpu_s": {"jaeger": 0.13, "collector": 8.709999999999999}, "max_lag_s": 0.0018203884363172662, "throttled_usec": 0, "batch_count": 116.0}
{"block": 82003, "kind": "placement", "export": "dual", "timeout_ms": 1000, "policy": "full", "rate_traces_s": 8000, "cpu_s": {"jaeger": 43.129999999999995, "collector": 8.09}, "max_lag_s": 0.3011855714023106, "throttled_usec": 0, "batch_count": 800.0}
{"block": 82003, "kind": "placement", "export": "dual", "timeout_ms": 1000, "policy": "collector10", "rate_traces_s": 8000, "cpu_s": {"jaeger": 3.87, "collector": 6.25}, "max_lag_s": 0.0007744833827025843, "throttled_usec": 0, "batch_count": 115.0}
{"block": 82003, "kind": "placement", "export": "file", "timeout_ms": 1000, "policy": "full", "rate_traces_s": 8000, "cpu_s": {"jaeger": 0.12000000000000001, "collector": 5.68}, "max_lag_s": 0.0006258293986327601, "throttled_usec": 0, "batch_count": 800.0}
{"block": 82003, "kind": "placement", "export": "dual", "timeout_ms": 1000, "policy": "gate10", "rate_traces_s": 8000, "cpu_s": {"jaeger": 3.6900000000000004, "collector": 1.3699999999999999}, "max_lag_s": 0.00030712634325169574, "throttled_usec": 0, "batch_count": 115.0}
{"block": 82003, "kind": "placement", "export": "file", "timeout_ms": 1000, "policy": "collector10", "rate_traces_s": 8000, "cpu_s": {"jaeger": 0.11, "collector": 5.9399999999999995}, "max_lag_s": 0.001040010899305388, "throttled_usec": 0, "batch_count": 115.0}
{"block": 82003, "kind": "placement", "export": "dual", "timeout_ms": 1000, "policy": "tail10", "rate_traces_s": 8000, "cpu_s": {"jaeger": 3.8099999999999996, "collector": 9.3}, "max_lag_s": 0.003051329404115677, "throttled_usec": 0, "batch_count": 116.0}
{"block": 82003, "kind": "placement", "export": "file", "timeout_ms": 1000, "policy": "gate10", "rate_traces_s": 8000, "cpu_s": {"jaeger": 0.13, "collector": 1.13}, "max_lag_s": 0.0004358567297444438, "throttled_usec": 0, "batch_count": 115.0}
{"block": 82004, "kind": "placement", "export": "dual", "timeout_ms": 1000, "policy": "tail10", "rate_traces_s": 8000, "cpu_s": {"jaeger": 3.9299999999999997, "collector": 9.44}, "max_lag_s": 0.003519231826068392, "throttled_usec": 0, "batch_count": 116.0}
{"block": 82004, "kind": "placement", "export": "dual", "timeout_ms": 1000, "policy": "full", "rate_traces_s": 8000, "cpu_s": {"jaeger": 44.09, "collector": 8.35}, "max_lag_s": 0.22639917880296778, "throttled_usec": 0, "batch_count": 800.0}
{"block": 82004, "kind": "placement", "export": "file", "timeout_ms": 1000, "policy": "collector10", "rate_traces_s": 8000, "cpu_s": {"jaeger": 0.13, "collector": 5.89}, "max_lag_s": 0.0003819748759283925, "throttled_usec": 0, "batch_count": 115.0}
{"block": 82004, "kind": "placement", "export": "file", "timeout_ms": 1000, "policy": "gate10", "rate_traces_s": 8000, "cpu_s": {"jaeger": 0.13, "collector": 1.1099999999999999}, "max_lag_s": 0.0003562375903136683, "throttled_usec": 0, "batch_count": 115.0}
{"block": 82004, "kind": "placement", "export": "file", "timeout_ms": 1000, "policy": "tail10", "rate_traces_s": 8000, "cpu_s": {"jaeger": 0.12000000000000001, "collector": 8.75}, "max_lag_s": 0.0036833889782421636, "throttled_usec": 0, "batch_count": 116.0}
{"block": 82004, "kind": "placement", "export": "dual", "timeout_ms": 1000, "policy": "collector10", "rate_traces_s": 8000, "cpu_s": {"jaeger": 3.8600000000000003, "collector": 6.1}, "max_lag_s": 0.002898284047841315, "throttled_usec": 0, "batch_count": 115.0}
{"block": 82004, "kind": "placement", "export": "file", "timeout_ms": 1000, "policy": "full", "rate_traces_s": 8000, "cpu_s": {"jaeger": 0.12, "collector": 5.6899999999999995}, "max_lag_s": 0.0038106307387355542, "throttled_usec": 0, "batch_count": 800.0}
{"block": 82004, "kind": "placement", "export": "dual", "timeout_ms": 1000, "policy": "gate10", "rate_traces_s": 8000, "cpu_s": {"jaeger": 3.6500000000000004, "collector": 1.3699999999999999}, "max_lag_s": 0.002207750827075472, "throttled_usec": 0, "batch_count": 115.0}
{"block": 82005, "kind": "placement", "export": "file", "timeout_ms": 1000, "policy": "tail10", "rate_traces_s": 8000, "cpu_s": {"jaeger": 0.09999999999999999, "collector": 8.85}, "max_lag_s": 0.00010424181818891043, "throttled_usec": 0, "batch_count": 118.0}
{"block": 82005, "kind": "placement", "export": "file", "timeout_ms": 1000, "policy": "full", "rate_traces_s": 8000, "cpu_s": {"jaeger": 0.12000000000000001, "collector": 5.720000000000001}, "max_lag_s": 0.0009870760142796087, "throttled_usec": 0, "batch_count": 800.0}
{"block": 82005, "kind": "placement", "export": "dual", "timeout_ms": 1000, "policy": "collector10", "rate_traces_s": 8000, "cpu_s": {"jaeger": 3.9299999999999997, "collector": 6.2299999999999995}, "max_lag_s": 0.0031812369823462916, "throttled_usec": 0, "batch_count": 115.0}
{"block": 82005, "kind": "placement", "export": "file", "timeout_ms": 1000, "policy": "gate10", "rate_traces_s": 8000, "cpu_s": {"jaeger": 0.11, "collector": 1.1}, "max_lag_s": 0.0009169325232498693, "throttled_usec": 0, "batch_count": 115.0}
{"block": 82005, "kind": "placement", "export": "dual", "timeout_ms": 1000, "policy": "tail10", "rate_traces_s": 8000, "cpu_s": {"jaeger": 3.75, "collector": 9.21}, "max_lag_s": 0.003501319885252485, "throttled_usec": 0, "batch_count": 118.0}
{"block": 82005, "kind": "placement", "export": "file", "timeout_ms": 1000, "policy": "collector10", "rate_traces_s": 8000, "cpu_s": {"jaeger": 0.12, "collector": 5.96}, "max_lag_s": 0.002533562481403351, "throttled_usec": 0, "batch_count": 115.0}
{"block": 82005, "kind": "placement", "export": "dual", "timeout_ms": 1000, "policy": "gate10", "rate_traces_s": 8000, "cpu_s": {"jaeger": 3.62, "collector": 1.3699999999999999}, "max_lag_s": 0.0007099144160740423, "throttled_usec": 0, "batch_count": 115.0}
{"block": 82005, "kind": "placement", "export": "dual", "timeout_ms": 1000, "policy": "full", "rate_traces_s": 8000, "cpu_s": {"jaeger": 43.56, "collector": 8.22}, "max_lag_s": 0.279177019000052, "throttled_usec": 0, "batch_count": 800.0}
Traceback (most recent call last):
  File "/work/source/study.py", line 229, in <module>
    p.add_argument('--output',type=Path,required=True);p.add_argument('--pilot',action='store_true');run(p.parse_args())
                                                                                                     ^^^^^^^^^^^^^^^^^^^
  File "/work/source/study.py", line 221, in run
    r=cell(base,*row,args.pilot);results.append(r)
      ^^^^^^^^^^^^^^^^^^^^^^^^^^
  File "/work/source/study.py", line 156, in cell
    backend_saved((out/'jaeger-metrics-after.txt').read_text(),sum(len(v[1]) for v in prepared.values())*5 if export=='dual' else 0)
  File "/work/source/study.py", line 114, in backend_saved
    assert ok==expected and errors==0, ('backend endpoint',ok,expected,errors)
           ^^^^^^^^^^^^^^^^^^^^^^^^^^
AssertionError: ('backend endpoint', 1373900.0, 1400000, 0.0)
Traceback (most recent call last):
  File "/work/source/run_measured.py", line 11, in <module>
    subprocess.run([sys.executable,str(source/'study.py'),kind,'--rate',str(rate),
  File "/usr/local/lib/python3.12/subprocess.py", line 571, in run
    raise CalledProcessError(retcode, process.args,
subprocess.CalledProcessError: Command '['/usr/local/bin/python', '/work/source/study.py', 'batching', '--rate', '4000', '--output', '/work/outputs/batching-confirm-v1']' returned non-zero exit status 1.
