Collecting contourpy==1.4.0 (from -r requirements.lock (line 1))
  Using cached contourpy-1.4.0-cp314-cp314-macosx_11_0_arm64.whl.metadata (3.8 kB)
Collecting cycler==0.12.1 (from -r requirements.lock (line 2))
  Using cached cycler-0.12.1-py3-none-any.whl.metadata (3.8 kB)
Collecting fonttools==4.66.0 (from -r requirements.lock (line 3))
  Using cached fonttools-4.66.0-cp314-cp314-macosx_10_15_universal2.whl.metadata (129 kB)
Collecting kiwisolver==1.5.1 (from -r requirements.lock (line 4))
  Using cached kiwisolver-1.5.1-cp314-cp314-macosx_11_0_arm64.whl.metadata (5.2 kB)
Collecting matplotlib==3.10.6 (from -r requirements.lock (line 5))
  Using cached matplotlib-3.10.6-cp314-cp314-macosx_11_0_arm64.whl.metadata (11 kB)
Collecting numpy==2.3.3 (from -r requirements.lock (line 6))
  Using cached numpy-2.3.3-cp314-cp314-macosx_14_0_arm64.whl.metadata (62 kB)
Collecting packaging==26.3 (from -r requirements.lock (line 7))
  Using cached packaging-26.3-py3-none-any.whl.metadata (3.5 kB)
Collecting pillow==12.3.0 (from -r requirements.lock (line 8))
  Using cached pillow-12.3.0-cp314-cp314-macosx_11_0_arm64.whl.metadata (9.1 kB)
Collecting pyparsing==3.3.3 (from -r requirements.lock (line 9))
  Using cached pyparsing-3.3.3-py3-none-any.whl.metadata (5.9 kB)
Collecting pypdf==6.0.0 (from -r requirements.lock (line 10))
  Using cached pypdf-6.0.0-py3-none-any.whl.metadata (7.1 kB)
Collecting python-dateutil==2.9.0.post0 (from -r requirements.lock (line 11))
  Using cached python_dateutil-2.9.0.post0-py2.py3-none-any.whl.metadata (8.4 kB)
Collecting scipy==1.16.2 (from -r requirements.lock (line 12))
  Using cached scipy-1.16.2-cp314-cp314-macosx_14_0_arm64.whl.metadata (62 kB)
Collecting six==1.17.0 (from -r requirements.lock (line 13))
  Using cached six-1.17.0-py2.py3-none-any.whl.metadata (1.7 kB)
Using cached contourpy-1.4.0-cp314-cp314-macosx_11_0_arm64.whl (283 kB)
Using cached cycler-0.12.1-py3-none-any.whl (8.3 kB)
Using cached fonttools-4.66.0-cp314-cp314-macosx_10_15_universal2.whl (3.1 MB)
Using cached kiwisolver-1.5.1-cp314-cp314-macosx_11_0_arm64.whl (64 kB)
Using cached matplotlib-3.10.6-cp314-cp314-macosx_11_0_arm64.whl (8.1 MB)
Using cached numpy-2.3.3-cp314-cp314-macosx_14_0_arm64.whl (5.1 MB)
Using cached packaging-26.3-py3-none-any.whl (129 kB)
Using cached pillow-12.3.0-cp314-cp314-macosx_11_0_arm64.whl (4.8 MB)
Using cached pyparsing-3.3.3-py3-none-any.whl (126 kB)
Using cached pypdf-6.0.0-py3-none-any.whl (310 kB)
Using cached python_dateutil-2.9.0.post0-py2.py3-none-any.whl (229 kB)
Using cached scipy-1.16.2-cp314-cp314-macosx_14_0_arm64.whl (20.9 MB)
Using cached six-1.17.0-py2.py3-none-any.whl (11 kB)
Installing collected packages: six, pypdf, pyparsing, pillow, packaging, numpy, kiwisolver, fonttools, cycler, scipy, python-dateutil, contourpy, matplotlib

Successfully installed contourpy-1.4.0 cycler-0.12.1 fonttools-4.66.0 kiwisolver-1.5.1 matplotlib-3.10.6 numpy-2.3.3 packaging-26.3 pillow-12.3.0 pyparsing-3.3.3 pypdf-6.0.0 python-dateutil-2.9.0.post0 scipy-1.16.2 six-1.17.0

[notice] A new release of pip is available: 26.1.2 -> 26.2.1
[notice] To update, run: /private/tmp/trace-sampling-analysis-venv-20260924/bin/python -m pip install --upgrade pip
No broken requirements found.
